Archive member included to satisfy reference by file (symbol)

c:/st/stm32cubeide_1.6.1/stm32cubeide/plugins/com.st.stm32cube.ide.mcu.externaltools.gnu-tools-for-stm32.10.3-2021.10.win32_1.0.0.202111181127/tools/bin/../lib/gcc/arm-none-eabi/10.3.1/../../../../arm-none-eabi/lib/thumb/v7e-m+fp/hard\libc_nano.a(lib_a-errno.o)
                              ./Core/Src/syscalls.o (__errno)
c:/st/stm32cubeide_1.6.1/stm32cubeide/plugins/com.st.stm32cube.ide.mcu.externaltools.gnu-tools-for-stm32.10.3-2021.10.win32_1.0.0.202111181127/tools/bin/../lib/gcc/arm-none-eabi/10.3.1/../../../../arm-none-eabi/lib/thumb/v7e-m+fp/hard\libc_nano.a(lib_a-exit.o)
                              c:/st/stm32cubeide_1.6.1/stm32cubeide/plugins/com.st.stm32cube.ide.mcu.externaltools.gnu-tools-for-stm32.10.3-2021.10.win32_1.0.0.202111181127/tools/bin/../lib/gcc/arm-none-eabi/10.3.1/../../../../arm-none-eabi/lib/thumb/v7e-m+fp/hard/crt0.o (exit)
c:/st/stm32cubeide_1.6.1/stm32cubeide/plugins/com.st.stm32cube.ide.mcu.externaltools.gnu-tools-for-stm32.10.3-2021.10.win32_1.0.0.202111181127/tools/bin/../lib/gcc/arm-none-eabi/10.3.1/../../../../arm-none-eabi/lib/thumb/v7e-m+fp/hard\libc_nano.a(lib_a-impure.o)
                              c:/st/stm32cubeide_1.6.1/stm32cubeide/plugins/com.st.stm32cube.ide.mcu.externaltools.gnu-tools-for-stm32.10.3-2021.10.win32_1.0.0.202111181127/tools/bin/../lib/gcc/arm-none-eabi/10.3.1/../../../../arm-none-eabi/lib/thumb/v7e-m+fp/hard\libc_nano.a(lib_a-exit.o) (_global_impure_ptr)
c:/st/stm32cubeide_1.6.1/stm32cubeide/plugins/com.st.stm32cube.ide.mcu.externaltools.gnu-tools-for-stm32.10.3-2021.10.win32_1.0.0.202111181127/tools/bin/../lib/gcc/arm-none-eabi/10.3.1/../../../../arm-none-eabi/lib/thumb/v7e-m+fp/hard\libc_nano.a(lib_a-init.o)
                              c:/st/stm32cubeide_1.6.1/stm32cubeide/plugins/com.st.stm32cube.ide.mcu.externaltools.gnu-tools-for-stm32.10.3-2021.10.win32_1.0.0.202111181127/tools/bin/../lib/gcc/arm-none-eabi/10.3.1/../../../../arm-none-eabi/lib/thumb/v7e-m+fp/hard/crt0.o (__libc_init_array)
c:/st/stm32cubeide_1.6.1/stm32cubeide/plugins/com.st.stm32cube.ide.mcu.externaltools.gnu-tools-for-stm32.10.3-2021.10.win32_1.0.0.202111181127/tools/bin/../lib/gcc/arm-none-eabi/10.3.1/../../../../arm-none-eabi/lib/thumb/v7e-m+fp/hard\libc_nano.a(lib_a-memset.o)
                              c:/st/stm32cubeide_1.6.1/stm32cubeide/plugins/com.st.stm32cube.ide.mcu.externaltools.gnu-tools-for-stm32.10.3-2021.10.win32_1.0.0.202111181127/tools/bin/../lib/gcc/arm-none-eabi/10.3.1/../../../../arm-none-eabi/lib/thumb/v7e-m+fp/hard/crt0.o (memset)
c:/st/stm32cubeide_1.6.1/stm32cubeide/plugins/com.st.stm32cube.ide.mcu.externaltools.gnu-tools-for-stm32.10.3-2021.10.win32_1.0.0.202111181127/tools/bin/../lib/gcc/arm-none-eabi/10.3.1/thumb/v7e-m+fp/hard\libgcc.a(_aeabi_uldivmod.o)
                              ./Drivers/STM32F4xx_HAL_Driver/Src/stm32f4xx_ll_usart.o (__aeabi_uldivmod)
c:/st/stm32cubeide_1.6.1/stm32cubeide/plugins/com.st.stm32cube.ide.mcu.externaltools.gnu-tools-for-stm32.10.3-2021.10.win32_1.0.0.202111181127/tools/bin/../lib/gcc/arm-none-eabi/10.3.1/thumb/v7e-m+fp/hard\libgcc.a(_udivmoddi4.o)
                              c:/st/stm32cubeide_1.6.1/stm32cubeide/plugins/com.st.stm32cube.ide.mcu.externaltools.gnu-tools-for-stm32.10.3-2021.10.win32_1.0.0.202111181127/tools/bin/../lib/gcc/arm-none-eabi/10.3.1/thumb/v7e-m+fp/hard\libgcc.a(_aeabi_uldivmod.o) (__udivmoddi4)
c:/st/stm32cubeide_1.6.1/stm32cubeide/plugins/com.st.stm32cube.ide.mcu.externaltools.gnu-tools-for-stm32.10.3-2021.10.win32_1.0.0.202111181127/tools/bin/../lib/gcc/arm-none-eabi/10.3.1/thumb/v7e-m+fp/hard\libgcc.a(_dvmd_tls.o)
                              c:/st/stm32cubeide_1.6.1/stm32cubeide/plugins/com.st.stm32cube.ide.mcu.externaltools.gnu-tools-for-stm32.10.3-2021.10.win32_1.0.0.202111181127/tools/bin/../lib/gcc/arm-none-eabi/10.3.1/thumb/v7e-m+fp/hard\libgcc.a(_aeabi_uldivmod.o) (__aeabi_ldiv0)

Discarded input sections

 .text          0x0000000000000000        0x0 c:/st/stm32cubeide_1.6.1/stm32cubeide/plugins/com.st.stm32cube.ide.mcu.externaltools.gnu-tools-for-stm32.10.3-2021.10.win32_1.0.0.202111181127/tools/bin/../lib/gcc/arm-none-eabi/10.3.1/thumb/v7e-m+fp/hard/crti.o
 .data          0x0000000000000000        0x0 c:/st/stm32cubeide_1.6.1/stm32cubeide/plugins/com.st.stm32cube.ide.mcu.externaltools.gnu-tools-for-stm32.10.3-2021.10.win32_1.0.0.202111181127/tools/bin/../lib/gcc/arm-none-eabi/10.3.1/thumb/v7e-m+fp/hard/crti.o
 .bss           0x0000000000000000        0x0 c:/st/stm32cubeide_1.6.1/stm32cubeide/plugins/com.st.stm32cube.ide.mcu.externaltools.gnu-tools-for-stm32.10.3-2021.10.win32_1.0.0.202111181127/tools/bin/../lib/gcc/arm-none-eabi/10.3.1/thumb/v7e-m+fp/hard/crti.o
[...]
Memory Configuration

Name             Origin             Length             Attributes
CCMRAM           0x0000000010000000 0x0000000000010000 xrw
RAM              0x0000000020000000 0x0000000000020000 xrw
FLASH            0x0000000008000000 0x0000000000100000 xr
*default*        0x0000000000000000 0xffffffffffffffff

Linker script and memory map

LOAD c:/st/stm32cubeide_1.6.1/stm32cubeide/plugins/com.st.stm32cube.ide.mcu.externaltools.gnu-tools-for-stm32.10.3-2021.10.win32_1.0.0.202111181127/tools/bin/../lib/gcc/arm-none-eabi/10.3.1/thumb/v7e-m+fp/hard/crti.o
LOAD c:/st/stm32cubeide_1.6.1/stm32cubeide/plugins/com.st.stm32cube.ide.mcu.externaltools.gnu-tools-for-stm32.10.3-2021.10.win32_1.0.0.202111181127/tools/bin/../lib/gcc/arm-none-eabi/10.3.1/thumb/v7e-m+fp/hard/crtbegin.o
LOAD c:/st/stm32cubeide_1.6.1/stm32cubeide/plugins/com.st.stm32cube.ide.mcu.externaltools.gnu-tools-for-stm32.10.3-2021.10.win32_1.0.0.202111181127/tools/bin/../lib/gcc/arm-none-eabi/10.3.1/../../../../arm-none-eabi/lib/thumb/v7e-m+fp/hard/crt0.o
LOAD ./Core/Src/alt_Src/alt_GPIO.o
LOAD ./Core/Src/alt_Src/alt_UART.o
LOAD ./Core/Src/alt_main.o
LOAD ./Core/Src/gpio.o
LOAD ./Core/Src/main.o
LOAD ./Core/Src/stm32f4xx_it.o
LOAD ./Core/Src/syscalls.o
LOAD ./Core/Src/sysmem.o
LOAD ./Core/Src/system_stm32f4xx.o
LOAD ./Core/Src/usart.o
LOAD ./Core/Startup/startup_stm32f407vgtx.o
LOAD ./Drivers/STM32F4xx_HAL_Driver/Src/stm32f4xx_ll_dma.o
LOAD ./Drivers/STM32F4xx_HAL_Driver/Src/stm32f4xx_ll_exti.o
LOAD ./Drivers/STM32F4xx_HAL_Driver/Src/stm32f4xx_ll_gpio.o
LOAD ./Drivers/STM32F4xx_HAL_Driver/Src/stm32f4xx_ll_rcc.o
LOAD ./Drivers/STM32F4xx_HAL_Driver/Src/stm32f4xx_ll_usart.o
LOAD ./Drivers/STM32F4xx_HAL_Driver/Src/stm32f4xx_ll_utils.o
START GROUP
LOAD c:/st/stm32cubeide_1.6.1/stm32cubeide/plugins/com.st.stm32cube.ide.mcu.externaltools.gnu-tools-for-stm32.10.3-2021.10.win32_1.0.0.202111181127/tools/bin/../lib/gcc/arm-none-eabi/10.3.1/../../../../arm-none-eabi/lib/thumb/v7e-m+fp/hard\libstdc++_nano.a
LOAD c:/st/stm32cubeide_1.6.1/stm32cubeide/plugins/com.st.stm32cube.ide.mcu.externaltools.gnu-tools-for-stm32.10.3-2021.10.win32_1.0.0.202111181127/tools/bin/../lib/gcc/arm-none-eabi/10.3.1/../../../../arm-none-eabi/lib/thumb/v7e-m+fp/hard\libsupc++_nano.a
END GROUP
LOAD c:/st/stm32cubeide_1.6.1/stm32cubeide/plugins/com.st.stm32cube.ide.mcu.externaltools.gnu-tools-for-stm32.10.3-2021.10.win32_1.0.0.202111181127/tools/bin/../lib/gcc/arm-none-eabi/10.3.1/../../../../arm-none-eabi/lib/thumb/v7e-m+fp/hard\libstdc++_nano.a
LOAD c:/st/stm32cubeide_1.6.1/stm32cubeide/plugins/com.st.stm32cube.ide.mcu.externaltools.gnu-tools-for-stm32.10.3-2021.10.win32_1.0.0.202111181127/tools/bin/../lib/gcc/arm-none-eabi/10.3.1/../../../../arm-none-eabi/lib/thumb/v7e-m+fp/hard\libm.a
LOAD c:/st/stm32cubeide_1.6.1/stm32cubeide/plugins/com.st.stm32cube.ide.mcu.externaltools.gnu-tools-for-stm32.10.3-2021.10.win32_1.0.0.202111181127/tools/bin/../lib/gcc/arm-none-eabi/10.3.1/../../../../arm-none-eabi/lib/thumb/v7e-m+fp/hard\libc_nano.a
START GROUP
LOAD c:/st/stm32cubeide_1.6.1/stm32cubeide/plugins/com.st.stm32cube.ide.mcu.externaltools.gnu-tools-for-stm32.10.3-2021.10.win32_1.0.0.202111181127/tools/bin/../lib/gcc/arm-none-eabi/10.3.1/thumb/v7e-m+fp/hard\libgcc.a
LOAD c:/st/stm32cubeide_1.6.1/stm32cubeide/plugins/com.st.stm32cube.ide.mcu.externaltools.gnu-tools-for-stm32.10.3-2021.10.win32_1.0.0.202111181127/tools/bin/../lib/gcc/arm-none-eabi/10.3.1/../../../../arm-none-eabi/lib/thumb/v7e-m+fp/hard\libc_nano.a
END GROUP
START GROUP
LOAD c:/st/stm32cubeide_1.6.1/stm32cubeide/plugins/com.st.stm32cube.ide.mcu.externaltools.gnu-tools-for-stm32.10.3-2021.10.win32_1.0.0.202111181127/tools/bin/../lib/gcc/arm-none-eabi/10.3.1/thumb/v7e-m+fp/hard\libgcc.a
LOAD c:/st/stm32cubeide_1.6.1/stm32cubeide/plugins/com.st.stm32cube.ide.mcu.externaltools.gnu-tools-for-stm32.10.3-2021.10.win32_1.0.0.202111181127/tools/bin/../lib/gcc/arm-none-eabi/10.3.1/../../../../arm-none-eabi/lib/thumb/v7e-m+fp/hard\libc_nano.a
END GROUP
LOAD c:/st/stm32cubeide_1.6.1/stm32cubeide/plugins/com.st.stm32cube.ide.mcu.externaltools.gnu-tools-for-stm32.10.3-2021.10.win32_1.0.0.202111181127/tools/bin/../lib/gcc/arm-none-eabi/10.3.1/thumb/v7e-m+fp/hard/crtend.o
LOAD c:/st/stm32cubeide_1.6.1/stm32cubeide/plugins/com.st.stm32cube.ide.mcu.externaltools.gnu-tools-for-stm32.10.3-2021.10.win32_1.0.0.202111181127/tools/bin/../lib/gcc/arm-none-eabi/10.3.1/thumb/v7e-m+fp/hard/crtn.o
                0x0000000020020000                _estack = (ORIGIN (RAM) + LENGTH (RAM))
                0x0000000000000200                _Min_Heap_Size = 0x200
                0x0000000000000400                _Min_Stack_Size = 0x400

.isr_vector     0x0000000008000000      0x188
                0x0000000008000000                . = ALIGN (0x4)
 *(.isr_vector)
 .isr_vector    0x0000000008000000      0x188 ./Core/Startup/startup_stm32f407vgtx.o
                0x0000000008000000                g_pfnVectors
                0x0000000008000188                . = ALIGN (0x4)

.text           0x0000000008000188     0x29e0
                0x0000000008000188                . = ALIGN (0x4)
 *(.text)
 .text          0x0000000008000188       0x40 c:/st/stm32cubeide_1.6.1/stm32cubeide/plugins/com.st.stm32cube.ide.mcu.externaltools.gnu-tools-for-stm32.10.3-2021.10.win32_1.0.0.202111181127/tools/bin/../lib/gcc/arm-none-eabi/10.3.1/thumb/v7e-m+fp/hard/crtbegin.o
 .text          0x00000000080001c8       0x30 c:/st/stm32cubeide_1.6.1/stm32cubeide/plugins/com.st.stm32cube.ide.mcu.externaltools.gnu-tools-for-stm32.10.3-2021.10.win32_1.0.0.202111181127/tools/bin/../lib/gcc/arm-none-eabi/10.3.1/thumb/v7e-m+fp/hard\libgcc.a(_aeabi_uldivmod.o)
                0x00000000080001c8                __aeabi_uldivmod
 .text          0x00000000080001f8      0x2d0 c:/st/stm32cubeide_1.6.1/stm32cubeide/plugins/com.st.stm32cube.ide.mcu.externaltools.gnu-tools-for-stm32.10.3-2021.10.win32_1.0.0.202111181127/tools/bin/../lib/gcc/arm-none-eabi/10.3.1/thumb/v7e-m+fp/hard\libgcc.a(_udivmoddi4.o)
                0x00000000080001f8                __udivmoddi4
 .text          0x00000000080004c8        0x4 c:/st/stm32cubeide_1.6.1/stm32cubeide/plugins/com.st.stm32cube.ide.mcu.externaltools.gnu-tools-for-stm32.10.3-2021.10.win32_1.0.0.202111181127/tools/bin/../lib/gcc/arm-none-eabi/10.3.1/thumb/v7e-m+fp/hard\libgcc.a(_dvmd_tls.o)
                0x00000000080004c8                __aeabi_idiv0
                0x00000000080004c8                __aeabi_ldiv0
 *(.text*)
 .text.LL_AHB1_GRP1_EnableClock
                0x00000000080004cc       0x30 ./Core/Src/alt_Src/alt_GPIO.o
 .text._ZN6GPIO_t4InitEv
                0x00000000080004fc       0xe8 ./Core/Src/alt_Src/alt_GPIO.o
                0x00000000080004fc                GPIO_t::Init()
 .text._ZN6GPIO_t4InitEP12GPIO_TypeDefmmmmmm
                0x00000000080005e4      0x100 ./Core/Src/alt_Src/alt_GPIO.o
                0x00000000080005e4                GPIO_t::Init(GPIO_TypeDef*, unsigned long, unsigned long, unsigned long, unsigned long, unsigned long, unsigned long)
 .text._ZN6GPIO_t9InitInputEP12GPIO_TypeDefmmm
                0x00000000080006e4      0x10c ./Core/Src/alt_Src/alt_GPIO.o
                0x00000000080006e4                GPIO_t::InitInput(GPIO_TypeDef*, unsigned long, unsigned long, unsigned long)
 .text.__NVIC_GetPriorityGrouping
                0x00000000080007f0       0x1c ./Core/Src/alt_Src/alt_UART.o
 .text.__NVIC_EnableIRQ
                0x000000000800080c       0x3c ./Core/Src/alt_Src/alt_UART.o
 .text.__NVIC_SetPriority
                0x0000000008000848       0x54 ./Core/Src/alt_Src/alt_UART.o
 .text.NVIC_EncodePriority
                0x000000000800089c       0x62 ./Core/Src/alt_Src/alt_UART.o
 *fill*         0x00000000080008fe        0x2 
 .text.LL_APB1_GRP1_EnableClock
                0x0000000008000900       0x30 ./Core/Src/alt_Src/alt_UART.o
 .text.LL_APB2_GRP1_EnableClock
                0x0000000008000930       0x30 ./Core/Src/alt_Src/alt_UART.o
 .text.LL_USART_Enable
                0x0000000008000960       0x20 ./Core/Src/alt_Src/alt_UART.o
 .text.LL_USART_ConfigAsyncMode
                0x0000000008000980       0x2c ./Core/Src/alt_Src/alt_UART.o
 .text.LL_USART_IsActiveFlag_TXE
                0x00000000080009ac       0x26 ./Core/Src/alt_Src/alt_UART.o
 .text.LL_USART_EnableIT_RXNE
                0x00000000080009d2       0x50 ./Core/Src/alt_Src/alt_UART.o
 .text.LL_USART_TransmitData8
                0x0000000008000a22       0x1e ./Core/Src/alt_Src/alt_UART.o
 .text._ZN6UART_t4InitEv
                0x0000000008000a40      0x1c8 ./Core/Src/alt_Src/alt_UART.o
                0x0000000008000a40                UART_t::Init()
 .text._ZN6UART_t4InitEP13USART_TypeDefmmmmmmm9IRQn_Type
                0x0000000008000c08      0x120 ./Core/Src/alt_Src/alt_UART.o
                0x0000000008000c08                UART_t::Init(USART_TypeDef*, unsigned long, unsigned long, unsigned long, unsigned long, unsigned long, unsigned long, unsigned long, IRQn_Type)
 .text._ZN6UART_t14AddReceiveDataEh
                0x0000000008000d28       0xcc ./Core/Src/alt_Src/alt_UART.o
                0x0000000008000d28                UART_t::AddReceiveData(unsigned char)
 .text._ZN6UART_t9SendBufTxEt
                0x0000000008000df4       0x5e ./Core/Src/alt_Src/alt_UART.o
                0x0000000008000df4                UART_t::SendBufTx(unsigned short)
 .text._ZN6UART_t10CopyDataTxEPht
                0x0000000008000e52       0x52 ./Core/Src/alt_Src/alt_UART.o
                0x0000000008000e52                UART_t::CopyDataTx(unsigned char*, unsigned short)
 .text._ZN6UART_t5OnIRQE9IRQn_Type
                0x0000000008000ea4       0x3c ./Core/Src/alt_Src/alt_UART.o
                0x0000000008000ea4                UART_t::OnIRQ(IRQn_Type)
 .text.LL_AHB1_GRP1_EnableClock
                0x0000000008000ee0       0x30 ./Core/Src/alt_main.o
 .text.LL_GPIO_IsInputPinSet
                0x0000000008000f10       0x2a ./Core/Src/alt_main.o
 .text.LL_GPIO_SetOutputPin
                0x0000000008000f3a       0x1c ./Core/Src/alt_main.o
 .text.LL_GPIO_ResetOutputPin
                0x0000000008000f56       0x1e ./Core/Src/alt_main.o
 .text._ZN6UART_tC2Ev
                0x0000000008000f74       0x34 ./Core/Src/alt_main.o
                0x0000000008000f74                UART_t::UART_t()
                0x0000000008000f74                UART_t::UART_t()
 .text._ZN6UART_tD2Ev
                0x0000000008000fa8       0x16 ./Core/Src/alt_main.o
                0x0000000008000fa8                UART_t::~UART_t()
                0x0000000008000fa8                UART_t::~UART_t()
 .text._ZN6UART_t7SetUARTEP13USART_TypeDef
                0x0000000008000fbe       0x2e ./Core/Src/alt_main.o
                0x0000000008000fbe                UART_t::SetUART(USART_TypeDef*)
 .text._ZN6UART_t11SetBaudRateEm
                0x0000000008000fec       0x2e ./Core/Src/alt_main.o
                0x0000000008000fec                UART_t::SetBaudRate(unsigned long)
 .text._ZN6UART_t12SetDataWidthEm
                0x000000000800101a       0x2e ./Core/Src/alt_main.o
                0x000000000800101a                UART_t::SetDataWidth(unsigned long)
 .text._ZN6UART_t11SetStopBitsEm
                0x0000000008001048       0x2e ./Core/Src/alt_main.o
                0x0000000008001048                UART_t::SetStopBits(unsigned long)
 .text._ZN6UART_t9SetParityEm
                0x0000000008001076       0x2e ./Core/Src/alt_main.o
                0x0000000008001076                UART_t::SetParity(unsigned long)
 .text._ZN6UART_t20SetTransferDirectionEm
                0x00000000080010a4       0x2e ./Core/Src/alt_main.o
                0x00000000080010a4                UART_t::SetTransferDirection(unsigned long)
 .text._ZN6UART_t22SetHardwareFlowControlEm
                0x00000000080010d2       0x2e ./Core/Src/alt_main.o
                0x00000000080010d2                UART_t::SetHardwareFlowControl(unsigned long)
 .text._ZN6UART_t15SetOverSamplingEm
                0x0000000008001100       0x2e ./Core/Src/alt_main.o
                0x0000000008001100                UART_t::SetOverSampling(unsigned long)
 .text._ZN6UART_t6SetIRQE9IRQn_Type
                0x000000000800112e       0x32 ./Core/Src/alt_main.o
                0x000000000800112e                UART_t::SetIRQ(IRQn_Type)
 .text._ZN6UART_t15SetCallBackFuncEPFvvE
                0x0000000008001160       0x1c ./Core/Src/alt_main.o
                0x0000000008001160                UART_t::SetCallBackFunc(void (*)())
 .text._ZN6UART_t16CreateSendPacketEhh
                0x000000000800117c       0x28 ./Core/Src/alt_main.o
                0x000000000800117c                UART_t::CreateSendPacket(unsigned char, unsigned char)
 .text._ZN6UART_t8StatusRxEv
                0x00000000080011a4       0x1a ./Core/Src/alt_main.o
                0x00000000080011a4                UART_t::StatusRx()
 .text._ZN6UART_t7ClearRxEv
                0x00000000080011be       0x44 ./Core/Src/alt_main.o
                0x00000000080011be                UART_t::ClearRx()
 .text._ZN6UART_t14ClearRxReserveEv
                0x0000000008001202       0x44 ./Core/Src/alt_main.o
                0x0000000008001202                UART_t::ClearRxReserve()
 *fill*         0x0000000008001246        0x2 
 .text._ZN6UART_t5AdrRxEv
                0x0000000008001248       0x50 ./Core/Src/alt_main.o
                0x0000000008001248                UART_t::AdrRx()
 .text._ZN6GPIO_tC2Ev
                0x0000000008001298       0x1c ./Core/Src/alt_main.o
                0x0000000008001298                GPIO_t::GPIO_t()
                0x0000000008001298                GPIO_t::GPIO_t()
 .text._ZN6GPIO_tD2Ev
                0x00000000080012b4       0x16 ./Core/Src/alt_main.o
                0x00000000080012b4                GPIO_t::~GPIO_t()
                0x00000000080012b4                GPIO_t::~GPIO_t()
 .text._ZN6GPIO_t7SetGPIOEP12GPIO_TypeDef
                0x00000000080012ca       0x2a ./Core/Src/alt_main.o
                0x00000000080012ca                GPIO_t::SetGPIO(GPIO_TypeDef*)
 .text._ZN6GPIO_t6SetPinEm
                0x00000000080012f4       0x2a ./Core/Src/alt_main.o
                0x00000000080012f4                GPIO_t::SetPin(unsigned long)
 .text._ZN6GPIO_t7SetModeEm
                0x000000000800131e       0x2a ./Core/Src/alt_main.o
                0x000000000800131e                GPIO_t::SetMode(unsigned long)
 .text._ZN6GPIO_t8SetSpeedEm
                0x0000000008001348       0x2a ./Core/Src/alt_main.o
                0x0000000008001348                GPIO_t::SetSpeed(unsigned long)
 .text._ZN6GPIO_t13SetOutputTypeEm
                0x0000000008001372       0x2a ./Core/Src/alt_main.o
                0x0000000008001372                GPIO_t::SetOutputType(unsigned long)
 .text._ZN6GPIO_t7SetPullEm
                0x000000000800139c       0x2a ./Core/Src/alt_main.o
                0x000000000800139c                GPIO_t::SetPull(unsigned long)
 .text._ZN6GPIO_t12SetAlternateEm
                0x00000000080013c6       0x2a ./Core/Src/alt_main.o
                0x00000000080013c6                GPIO_t::SetAlternate(unsigned long)
 .text._ZN6GPIO_t4ReadEv
                0x00000000080013f0       0x2c ./Core/Src/alt_main.o
                0x00000000080013f0                GPIO_t::Read()
 .text._ZN6GPIO_t11EnableClockEm
                0x000000000800141c       0x18 ./Core/Src/alt_main.o
                0x000000000800141c                GPIO_t::EnableClock(unsigned long)
 .text.alt_main
                0x0000000008001434       0xe4 ./Core/Src/alt_main.o
                0x0000000008001434                alt_main
 .text.alt_UART_IRQ
                0x0000000008001518       0x90 ./Core/Src/alt_main.o
                0x0000000008001518                alt_UART_IRQ
 .text.Ini_GPIO
                0x00000000080015a8      0x1a8 ./Core/Src/alt_main.o
                0x00000000080015a8                Ini_GPIO
 .text.Ini_UART
                0x0000000008001750      0x120 ./Core/Src/alt_main.o
                0x0000000008001750                Ini_UART
 .text.USART1_callback
                0x0000000008001870       0x3c ./Core/Src/alt_main.o
                0x0000000008001870                USART1_callback
 .text.USART2_callback
                0x00000000080018ac       0x3c ./Core/Src/alt_main.o
                0x00000000080018ac                USART2_callback
 .text.USART3_callback
                0x00000000080018e8       0x3c ./Core/Src/alt_main.o
                0x00000000080018e8                USART3_callback
 .text.UART5_callback
                0x0000000008001924       0x3c ./Core/Src/alt_main.o
                0x0000000008001924                UART5_callback
 .text._Z41__static_initialization_and_destruction_0ii
                0x0000000008001960      0x104 ./Core/Src/alt_main.o
 .text._GLOBAL__sub_I_cust_GPIO_Bt_User
                0x0000000008001a64       0x10 ./Core/Src/alt_main.o
 .text._GLOBAL__sub_D_cust_GPIO_Bt_User
                0x0000000008001a74       0x10 ./Core/Src/alt_main.o
 .text.__NVIC_SetPriorityGrouping
                0x0000000008001a84       0x48 ./Core/Src/main.o
 .text.__NVIC_GetPriorityGrouping
                0x0000000008001acc       0x1c ./Core/Src/main.o
 .text.__NVIC_SetPriority
                0x0000000008001ae8       0x54 ./Core/Src/main.o
 .text.NVIC_EncodePriority
                0x0000000008001b3c       0x66 ./Core/Src/main.o
 *fill*         0x0000000008001ba2        0x2 
 .text.LL_RCC_HSI_Enable
                0x0000000008001ba4       0x20 ./Core/Src/main.o
 .text.LL_RCC_HSI_IsReady
                0x0000000008001bc4       0x24 ./Core/Src/main.o
 .text.LL_RCC_HSI_SetCalibTrimming
                0x0000000008001be8       0x2c ./Core/Src/main.o
 .text.LL_RCC_SetSysClkSource
                0x0000000008001c14       0x28 ./Core/Src/main.o
 .text.LL_RCC_GetSysClkSource
                0x0000000008001c3c       0x1c ./Core/Src/main.o
 .text.LL_RCC_SetAHBPrescaler
                0x0000000008001c58       0x28 ./Core/Src/main.o
 .text.LL_RCC_SetAPB1Prescaler
                0x0000000008001c80       0x28 ./Core/Src/main.o
 .text.LL_RCC_SetAPB2Prescaler
                0x0000000008001ca8       0x28 ./Core/Src/main.o
 .text.LL_APB1_GRP1_EnableClock
                0x0000000008001cd0       0x30 ./Core/Src/main.o
 .text.LL_APB2_GRP1_EnableClock
                0x0000000008001d00       0x30 ./Core/Src/main.o
 .text.LL_FLASH_SetLatency
                0x0000000008001d30       0x28 ./Core/Src/main.o
 .text.LL_FLASH_GetLatency
                0x0000000008001d58       0x1c ./Core/Src/main.o
 .text.LL_PWR_SetRegulVoltageScaling
                0x0000000008001d74       0x28 ./Core/Src/main.o
 .text.main     0x0000000008001d9c       0x40 ./Core/Src/main.o
                0x0000000008001d9c                main
 .text.SystemClock_Config
                0x0000000008001ddc       0x6c ./Core/Src/main.o
                0x0000000008001ddc                SystemClock_Config
 .text.NMI_Handler
                0x0000000008001e48        0x6 ./Core/Src/stm32f4xx_it.o
                0x0000000008001e48                NMI_Handler
 .text.HardFault_Handler
                0x0000000008001e4e        0x6 ./Core/Src/stm32f4xx_it.o
                0x0000000008001e4e                HardFault_Handler
 .text.MemManage_Handler
                0x0000000008001e54        0x6 ./Core/Src/stm32f4xx_it.o
                0x0000000008001e54                MemManage_Handler
 .text.BusFault_Handler
                0x0000000008001e5a        0x6 ./Core/Src/stm32f4xx_it.o
                0x0000000008001e5a                BusFault_Handler
 .text.UsageFault_Handler
                0x0000000008001e60        0x6 ./Core/Src/stm32f4xx_it.o
                0x0000000008001e60                UsageFault_Handler
 .text.SVC_Handler
                0x0000000008001e66        0xe ./Core/Src/stm32f4xx_it.o
                0x0000000008001e66                SVC_Handler
 .text.DebugMon_Handler
                0x0000000008001e74        0xe ./Core/Src/stm32f4xx_it.o
                0x0000000008001e74                DebugMon_Handler
 .text.PendSV_Handler
                0x0000000008001e82        0xe ./Core/Src/stm32f4xx_it.o
                0x0000000008001e82                PendSV_Handler
 .text.SysTick_Handler
                0x0000000008001e90        0xe ./Core/Src/stm32f4xx_it.o
                0x0000000008001e90                SysTick_Handler
 *fill*         0x0000000008001e9e        0x2 
 .text.USART1_IRQHandler
                0x0000000008001ea0       0x14 ./Core/Src/stm32f4xx_it.o
                0x0000000008001ea0                USART1_IRQHandler
 .text.USART2_IRQHandler
                0x0000000008001eb4       0x14 ./Core/Src/stm32f4xx_it.o
                0x0000000008001eb4                USART2_IRQHandler
 .text.USART3_IRQHandler
                0x0000000008001ec8       0x14 ./Core/Src/stm32f4xx_it.o
                0x0000000008001ec8                USART3_IRQHandler
 .text.UART5_IRQHandler
                0x0000000008001edc       0x14 ./Core/Src/stm32f4xx_it.o
                0x0000000008001edc                UART5_IRQHandler
 .text.SystemInit
                0x0000000008001ef0       0x24 ./Core/Src/system_stm32f4xx.o
                0x0000000008001ef0                SystemInit
 .text.Reset_Handler
                0x0000000008001f14       0x50 ./Core/Startup/startup_stm32f407vgtx.o
                0x0000000008001f14                Reset_Handler
 .text.Default_Handler
                0x0000000008001f64        0x2 ./Core/Startup/startup_stm32f407vgtx.o
                0x0000000008001f64                RTC_Alarm_IRQHandler
                0x0000000008001f64                HASH_RNG_IRQHandler
                0x0000000008001f64                EXTI2_IRQHandler
                0x0000000008001f64                TIM8_CC_IRQHandler
                0x0000000008001f64                TIM1_CC_IRQHandler
                0x0000000008001f64                DMA2_Stream5_IRQHandler
                0x0000000008001f64                DMA1_Stream5_IRQHandler
                0x0000000008001f64                PVD_IRQHandler
                0x0000000008001f64                SDIO_IRQHandler
                0x0000000008001f64                TAMP_STAMP_IRQHandler
                0x0000000008001f64                CAN2_RX1_IRQHandler
                0x0000000008001f64                EXTI3_IRQHandler
                0x0000000008001f64                TIM8_TRG_COM_TIM14_IRQHandler
                0x0000000008001f64                TIM1_UP_TIM10_IRQHandler
                0x0000000008001f64                TIM8_UP_TIM13_IRQHandler
                0x0000000008001f64                I2C3_ER_IRQHandler
                0x0000000008001f64                EXTI0_IRQHandler
                0x0000000008001f64                I2C2_EV_IRQHandler
                0x0000000008001f64                DMA1_Stream2_IRQHandler
                0x0000000008001f64                CAN1_RX0_IRQHandler
                0x0000000008001f64                FPU_IRQHandler
                0x0000000008001f64                OTG_HS_WKUP_IRQHandler
                0x0000000008001f64                CAN2_SCE_IRQHandler
                0x0000000008001f64                DMA2_Stream2_IRQHandler
                0x0000000008001f64                SPI1_IRQHandler
                0x0000000008001f64                TIM6_DAC_IRQHandler
                0x0000000008001f64                TIM1_BRK_TIM9_IRQHandler
                0x0000000008001f64                DCMI_IRQHandler
                0x0000000008001f64                CAN2_RX0_IRQHandler
                0x0000000008001f64                DMA2_Stream3_IRQHandler
                0x0000000008001f64                USART6_IRQHandler
                0x0000000008001f64                CAN1_RX1_IRQHandler
                0x0000000008001f64                DMA2_Stream0_IRQHandler
                0x0000000008001f64                TIM4_IRQHandler
                0x0000000008001f64                I2C1_EV_IRQHandler
                0x0000000008001f64                DMA1_Stream6_IRQHandler
                0x0000000008001f64                DMA1_Stream1_IRQHandler
                0x0000000008001f64                UART4_IRQHandler
                0x0000000008001f64                TIM3_IRQHandler
                0x0000000008001f64                RCC_IRQHandler
                0x0000000008001f64                TIM8_BRK_TIM12_IRQHandler
                0x0000000008001f64                Default_Handler
                0x0000000008001f64                EXTI15_10_IRQHandler
                0x0000000008001f64                ADC_IRQHandler
                0x0000000008001f64                DMA1_Stream7_IRQHandler
                0x0000000008001f64                TIM7_IRQHandler
                0x0000000008001f64                CAN2_TX_IRQHandler
                0x0000000008001f64                TIM5_IRQHandler
                0x0000000008001f64                DMA2_Stream7_IRQHandler
                0x0000000008001f64                I2C3_EV_IRQHandler
                0x0000000008001f64                EXTI9_5_IRQHandler
                0x0000000008001f64                RTC_WKUP_IRQHandler
                0x0000000008001f64                ETH_WKUP_IRQHandler
                0x0000000008001f64                SPI2_IRQHandler
                0x0000000008001f64                OTG_HS_EP1_IN_IRQHandler
                0x0000000008001f64                DMA1_Stream0_IRQHandler
                0x0000000008001f64                CAN1_TX_IRQHandler
                0x0000000008001f64                EXTI4_IRQHandler
                0x0000000008001f64                FSMC_IRQHandler
                0x0000000008001f64                ETH_IRQHandler
                0x0000000008001f64                OTG_HS_EP1_OUT_IRQHandler
                0x0000000008001f64                WWDG_IRQHandler
                0x0000000008001f64                TIM2_IRQHandler
                0x0000000008001f64                OTG_FS_WKUP_IRQHandler
                0x0000000008001f64                TIM1_TRG_COM_TIM11_IRQHandler
                0x0000000008001f64                OTG_HS_IRQHandler
                0x0000000008001f64                EXTI1_IRQHandler
                0x0000000008001f64                I2C2_ER_IRQHandler
                0x0000000008001f64                DMA2_Stream1_IRQHandler
                0x0000000008001f64                CAN1_SCE_IRQHandler
                0x0000000008001f64                FLASH_IRQHandler
                0x0000000008001f64                DMA2_Stream4_IRQHandler
                0x0000000008001f64                OTG_FS_IRQHandler
                0x0000000008001f64                SPI3_IRQHandler
                0x0000000008001f64                DMA1_Stream4_IRQHandler
                0x0000000008001f64                I2C1_ER_IRQHandler
                0x0000000008001f64                DMA2_Stream6_IRQHandler
                0x0000000008001f64                DMA1_Stream3_IRQHandler
 .text.LL_GPIO_SetPinMode
                0x0000000008001f66       0x5e ./Drivers/STM32F4xx_HAL_Driver/Src/stm32f4xx_ll_gpio.o
 .text.LL_GPIO_SetPinOutputType
                0x0000000008001fc4       0x30 ./Drivers/STM32F4xx_HAL_Driver/Src/stm32f4xx_ll_gpio.o
 .text.LL_GPIO_SetPinSpeed
                0x0000000008001ff4       0x5e ./Drivers/STM32F4xx_HAL_Driver/Src/stm32f4xx_ll_gpio.o
 .text.LL_GPIO_SetPinPull
                0x0000000008002052       0x5e ./Drivers/STM32F4xx_HAL_Driver/Src/stm32f4xx_ll_gpio.o
 .text.LL_GPIO_SetAFPin_0_7
                0x00000000080020b0       0x5e ./Drivers/STM32F4xx_HAL_Driver/Src/stm32f4xx_ll_gpio.o
 .text.LL_GPIO_SetAFPin_8_15
                0x000000000800210e       0x62 ./Drivers/STM32F4xx_HAL_Driver/Src/stm32f4xx_ll_gpio.o
 .text.LL_GPIO_Init
                0x0000000008002170       0xe6 ./Drivers/STM32F4xx_HAL_Driver/Src/stm32f4xx_ll_gpio.o
                0x0000000008002170                LL_GPIO_Init
 *fill*         0x0000000008002256        0x2 
 .text.LL_RCC_GetSysClkSource
                0x0000000008002258       0x1c ./Drivers/STM32F4xx_HAL_Driver/Src/stm32f4xx_ll_rcc.o
 .text.LL_RCC_GetAHBPrescaler
                0x0000000008002274       0x1c ./Drivers/STM32F4xx_HAL_Driver/Src/stm32f4xx_ll_rcc.o
 .text.LL_RCC_GetAPB1Prescaler
                0x0000000008002290       0x1c ./Drivers/STM32F4xx_HAL_Driver/Src/stm32f4xx_ll_rcc.o
 .text.LL_RCC_GetAPB2Prescaler
                0x00000000080022ac       0x1c ./Drivers/STM32F4xx_HAL_Driver/Src/stm32f4xx_ll_rcc.o
 .text.LL_RCC_PLL_GetMainSource
                0x00000000080022c8       0x1c ./Drivers/STM32F4xx_HAL_Driver/Src/stm32f4xx_ll_rcc.o
 .text.LL_RCC_PLL_GetN
                0x00000000080022e4       0x1c ./Drivers/STM32F4xx_HAL_Driver/Src/stm32f4xx_ll_rcc.o
 .text.LL_RCC_PLL_GetP
                0x0000000008002300       0x1c ./Drivers/STM32F4xx_HAL_Driver/Src/stm32f4xx_ll_rcc.o
 .text.LL_RCC_PLL_GetDivider
                0x000000000800231c       0x1c ./Drivers/STM32F4xx_HAL_Driver/Src/stm32f4xx_ll_rcc.o
 .text.LL_RCC_GetSystemClocksFreq
                0x0000000008002338       0x4a ./Drivers/STM32F4xx_HAL_Driver/Src/stm32f4xx_ll_rcc.o
                0x0000000008002338                LL_RCC_GetSystemClocksFreq
 *fill*         0x0000000008002382        0x2 
 .text.RCC_GetSystemClockFreq
                0x0000000008002384       0x50 ./Drivers/STM32F4xx_HAL_Driver/Src/stm32f4xx_ll_rcc.o
                0x0000000008002384                RCC_GetSystemClockFreq
 .text.RCC_GetHCLKClockFreq
                0x00000000080023d4       0x2c ./Drivers/STM32F4xx_HAL_Driver/Src/stm32f4xx_ll_rcc.o
                0x00000000080023d4                RCC_GetHCLKClockFreq
 .text.RCC_GetPCLK1ClockFreq
                0x0000000008002400       0x28 ./Drivers/STM32F4xx_HAL_Driver/Src/stm32f4xx_ll_rcc.o
                0x0000000008002400                RCC_GetPCLK1ClockFreq
 .text.RCC_GetPCLK2ClockFreq
                0x0000000008002428       0x28 ./Drivers/STM32F4xx_HAL_Driver/Src/stm32f4xx_ll_rcc.o
                0x0000000008002428                RCC_GetPCLK2ClockFreq
 .text.RCC_PLL_GetFreqDomain_SYS
                0x0000000008002450       0x7c ./Drivers/STM32F4xx_HAL_Driver/Src/stm32f4xx_ll_rcc.o
                0x0000000008002450                RCC_PLL_GetFreqDomain_SYS
 .text.LL_USART_IsEnabled
                0x00000000080024cc       0x28 ./Drivers/STM32F4xx_HAL_Driver/Src/stm32f4xx_ll_usart.o
 .text.LL_USART_SetStopBitsLength
                0x00000000080024f4       0x26 ./Drivers/STM32F4xx_HAL_Driver/Src/stm32f4xx_ll_usart.o
 .text.LL_USART_SetHWFlowCtrl
                0x000000000800251a       0x26 ./Drivers/STM32F4xx_HAL_Driver/Src/stm32f4xx_ll_usart.o
 .text.LL_USART_SetBaudRate
                0x0000000008002540      0x458 ./Drivers/STM32F4xx_HAL_Driver/Src/stm32f4xx_ll_usart.o
 .text.LL_USART_Init
                0x0000000008002998      0x100 ./Drivers/STM32F4xx_HAL_Driver/Src/stm32f4xx_ll_usart.o
                0x0000000008002998                LL_USART_Init
 .text.LL_InitTick
                0x0000000008002a98       0x34 ./Drivers/STM32F4xx_HAL_Driver/Src/stm32f4xx_ll_utils.o
 .text.LL_Init1msTick
                0x0000000008002acc       0x1a ./Drivers/STM32F4xx_HAL_Driver/Src/stm32f4xx_ll_utils.o
                0x0000000008002acc                LL_Init1msTick
 *fill*         0x0000000008002ae6        0x2 
 .text.LL_SetSystemCoreClock
                0x0000000008002ae8       0x20 ./Drivers/STM32F4xx_HAL_Driver/Src/stm32f4xx_ll_utils.o
                0x0000000008002ae8                LL_SetSystemCoreClock
 .text.__libc_init_array
                0x0000000008002b08       0x48 c:/st/stm32cubeide_1.6.1/stm32cubeide/plugins/com.st.stm32cube.ide.mcu.externaltools.gnu-tools-for-stm32.10.3-2021.10.win32_1.0.0.202111181127/tools/bin/../lib/gcc/arm-none-eabi/10.3.1/../../../../arm-none-eabi/lib/thumb/v7e-m+fp/hard\libc_nano.a(lib_a-init.o)
                0x0000000008002b08                __libc_init_array
 *(.glue_7)
 .glue_7        0x0000000008002b50        0x0 linker stubs
 *(.glue_7t)
 .glue_7t       0x0000000008002b50        0x0 linker stubs
 *(.eh_frame)
 .eh_frame      0x0000000008002b50        0x0 c:/st/stm32cubeide_1.6.1/stm32cubeide/plugins/com.st.stm32cube.ide.mcu.externaltools.gnu-tools-for-stm32.10.3-2021.10.win32_1.0.0.202111181127/tools/bin/../lib/gcc/arm-none-eabi/10.3.1/thumb/v7e-m+fp/hard/crtbegin.o
 *(.init)
 .init          0x0000000008002b50        0x4 c:/st/stm32cubeide_1.6.1/stm32cubeide/plugins/com.st.stm32cube.ide.mcu.externaltools.gnu-tools-for-stm32.10.3-2021.10.win32_1.0.0.202111181127/tools/bin/../lib/gcc/arm-none-eabi/10.3.1/thumb/v7e-m+fp/hard/crti.o
                0x0000000008002b50                _init
 .init          0x0000000008002b54        0x8 c:/st/stm32cubeide_1.6.1/stm32cubeide/plugins/com.st.stm32cube.ide.mcu.externaltools.gnu-tools-for-stm32.10.3-2021.10.win32_1.0.0.202111181127/tools/bin/../lib/gcc/arm-none-eabi/10.3.1/thumb/v7e-m+fp/hard/crtn.o
 *(.fini)
 .fini          0x0000000008002b5c        0x4 c:/st/stm32cubeide_1.6.1/stm32cubeide/plugins/com.st.stm32cube.ide.mcu.externaltools.gnu-tools-for-stm32.10.3-2021.10.win32_1.0.0.202111181127/tools/bin/../lib/gcc/arm-none-eabi/10.3.1/thumb/v7e-m+fp/hard/crti.o
                0x0000000008002b5c                _fini
 .fini          0x0000000008002b60        0x8 c:/st/stm32cubeide_1.6.1/stm32cubeide/plugins/com.st.stm32cube.ide.mcu.externaltools.gnu-tools-for-stm32.10.3-2021.10.win32_1.0.0.202111181127/tools/bin/../lib/gcc/arm-none-eabi/10.3.1/thumb/v7e-m+fp/hard/crtn.o
                0x0000000008002b68                . = ALIGN (0x4)
                0x0000000008002b68                _etext = .

.vfp11_veneer   0x0000000008002b68        0x0
 .vfp11_veneer  0x0000000008002b68        0x0 linker stubs

.v4_bx          0x0000000008002b68        0x0
 .v4_bx         0x0000000008002b68        0x0 linker stubs

.iplt           0x0000000008002b68        0x0
 .iplt          0x0000000008002b68        0x0 c:/st/stm32cubeide_1.6.1/stm32cubeide/plugins/com.st.stm32cube.ide.mcu.externaltools.gnu-tools-for-stm32.10.3-2021.10.win32_1.0.0.202111181127/tools/bin/../lib/gcc/arm-none-eabi/10.3.1/thumb/v7e-m+fp/hard/crtbegin.o

.rodata         0x0000000008002b68       0x18
                0x0000000008002b68                . = ALIGN (0x4)
 *(.rodata)
 *(.rodata*)
 .rodata.AHBPrescTable
                0x0000000008002b68       0x10 ./Core/Src/system_stm32f4xx.o
                0x0000000008002b68                AHBPrescTable
 .rodata.APBPrescTable
                0x0000000008002b78        0x8 ./Core/Src/system_stm32f4xx.o
                0x0000000008002b78                APBPrescTable
                0x0000000008002b80                . = ALIGN (0x4)

.ARM.extab      0x0000000008002b80        0x0
                0x0000000008002b80                . = ALIGN (0x4)
 *(.ARM.extab* .gnu.linkonce.armextab.*)
                0x0000000008002b80                . = ALIGN (0x4)

.ARM            0x0000000008002b80        0x8
                0x0000000008002b80                . = ALIGN (0x4)
                0x0000000008002b80                __exidx_start = .
 *(.ARM.exidx*)
 .ARM.exidx     0x0000000008002b80        0x8 c:/st/stm32cubeide_1.6.1/stm32cubeide/plugins/com.st.stm32cube.ide.mcu.externaltools.gnu-tools-for-stm32.10.3-2021.10.win32_1.0.0.202111181127/tools/bin/../lib/gcc/arm-none-eabi/10.3.1/thumb/v7e-m+fp/hard\libgcc.a(_udivmoddi4.o)
                0x0000000008002b88                __exidx_end = .
                0x0000000008002b88                . = ALIGN (0x4)

.rel.dyn        0x0000000008002b88        0x0
 .rel.iplt      0x0000000008002b88        0x0 c:/st/stm32cubeide_1.6.1/stm32cubeide/plugins/com.st.stm32cube.ide.mcu.externaltools.gnu-tools-for-stm32.10.3-2021.10.win32_1.0.0.202111181127/tools/bin/../lib/gcc/arm-none-eabi/10.3.1/thumb/v7e-m+fp/hard/crtbegin.o

.preinit_array  0x0000000008002b88        0x0
                0x0000000008002b88                . = ALIGN (0x4)
                0x0000000008002b88                PROVIDE (__preinit_array_start = .)
 *(.preinit_array*)
                0x0000000008002b88                PROVIDE (__preinit_array_end = .)
                0x0000000008002b88                . = ALIGN (0x4)

.init_array     0x0000000008002b88        0x8
                0x0000000008002b88                . = ALIGN (0x4)
                0x0000000008002b88                PROVIDE (__init_array_start = .)
 *(SORT_BY_NAME(.init_array.*))
 *(.init_array*)
 .init_array    0x0000000008002b88        0x4 c:/st/stm32cubeide_1.6.1/stm32cubeide/plugins/com.st.stm32cube.ide.mcu.externaltools.gnu-tools-for-stm32.10.3-2021.10.win32_1.0.0.202111181127/tools/bin/../lib/gcc/arm-none-eabi/10.3.1/thumb/v7e-m+fp/hard/crtbegin.o
 .init_array    0x0000000008002b8c        0x4 ./Core/Src/alt_main.o
                0x0000000008002b90                PROVIDE (__init_array_end = .)
                0x0000000008002b90                . = ALIGN (0x4)

.fini_array     0x0000000008002b90        0x8
                0x0000000008002b90                . = ALIGN (0x4)
                [!provide]                        PROVIDE (__fini_array_start = .)
 *(SORT_BY_NAME(.fini_array.*))
 *(.fini_array*)
 .fini_array    0x0000000008002b90        0x4 c:/st/stm32cubeide_1.6.1/stm32cubeide/plugins/com.st.stm32cube.ide.mcu.externaltools.gnu-tools-for-stm32.10.3-2021.10.win32_1.0.0.202111181127/tools/bin/../lib/gcc/arm-none-eabi/10.3.1/thumb/v7e-m+fp/hard/crtbegin.o
 .fini_array    0x0000000008002b94        0x4 ./Core/Src/alt_main.o
                [!provide]                        PROVIDE (__fini_array_end = .)
                0x0000000008002b98                . = ALIGN (0x4)
                0x0000000008002b98                _sidata = LOADADDR (.data)

.data           0x0000000020000000        0x4 load address 0x0000000008002b98
                0x0000000020000000                . = ALIGN (0x4)
                0x0000000020000000                _sdata = .
 *(.data)
 *(.data*)
 .data.SystemCoreClock
                0x0000000020000000        0x4 ./Core/Src/system_stm32f4xx.o
                0x0000000020000000                SystemCoreClock
 *(.RamFunc)
 *(.RamFunc*)
                0x0000000020000004                . = ALIGN (0x4)
                0x0000000020000004                _edata = .
                0x0000000008002b9c                _siccmram = LOADADDR (.ccmram)

.igot.plt       0x0000000020000004        0x0 load address 0x0000000008002b9c
 .igot.plt      0x0000000020000004        0x0 c:/st/stm32cubeide_1.6.1/stm32cubeide/plugins/com.st.stm32cube.ide.mcu.externaltools.gnu-tools-for-stm32.10.3-2021.10.win32_1.0.0.202111181127/tools/bin/../lib/gcc/arm-none-eabi/10.3.1/thumb/v7e-m+fp/hard/crtbegin.o

.ccmram         0x0000000010000000        0x0 load address 0x0000000008002b9c
                0x0000000010000000                . = ALIGN (0x4)
                0x0000000010000000                _sccmram = .
 *(.ccmram)
 *(.ccmram*)
                0x0000000010000000                . = ALIGN (0x4)
                0x0000000010000000                _eccmram = .
                0x0000000010000000                . = ALIGN (0x4)

.bss            0x0000000020000004      0x7fc
                0x0000000020000004                _sbss = .
                0x0000000020000004                __bss_start__ = _sbss
 *(.bss)
 .bss           0x0000000020000004       0x1c c:/st/stm32cubeide_1.6.1/stm32cubeide/plugins/com.st.stm32cube.ide.mcu.externaltools.gnu-tools-for-stm32.10.3-2021.10.win32_1.0.0.202111181127/tools/bin/../lib/gcc/arm-none-eabi/10.3.1/thumb/v7e-m+fp/hard/crtbegin.o
 *(.bss*)
 .bss.cust_GPIO_Bt_User
                0x0000000020000020       0x20 ./Core/Src/alt_main.o
                0x0000000020000020                cust_GPIO_Bt_User
 .bss.cust_USART1
                0x0000000020000040      0x1b0 ./Core/Src/alt_main.o
                0x0000000020000040                cust_USART1
 .bss.cust_GPIO_RX_USART1
                0x00000000200001f0       0x20 ./Core/Src/alt_main.o
                0x00000000200001f0                cust_GPIO_RX_USART1
 .bss.cust_GPIO_TX_USART1
                0x0000000020000210       0x20 ./Core/Src/alt_main.o
                0x0000000020000210                cust_GPIO_TX_USART1
 .bss.cust_USART2
                0x0000000020000230      0x1b0 ./Core/Src/alt_main.o
                0x0000000020000230                cust_USART2
 .bss.cust_GPIO_RX_USART2
                0x00000000200003e0       0x20 ./Core/Src/alt_main.o
                0x00000000200003e0                cust_GPIO_RX_USART2
 .bss.cust_GPIO_TX_USART2
                0x0000000020000400       0x20 ./Core/Src/alt_main.o
                0x0000000020000400                cust_GPIO_TX_USART2
 .bss.cust_USART3
                0x0000000020000420      0x1b0 ./Core/Src/alt_main.o
                0x0000000020000420                cust_USART3
 .bss.cust_GPIO_RX_USART3
                0x00000000200005d0       0x20 ./Core/Src/alt_main.o
                0x00000000200005d0                cust_GPIO_RX_USART3
 .bss.cust_GPIO_TX_USART3
                0x00000000200005f0       0x20 ./Core/Src/alt_main.o
                0x00000000200005f0                cust_GPIO_TX_USART3
 .bss.cust_UART5
                0x0000000020000610      0x1b0 ./Core/Src/alt_main.o
                0x0000000020000610                cust_UART5
 .bss.cust_GPIO_RX_UART5
                0x00000000200007c0       0x20 ./Core/Src/alt_main.o
                0x00000000200007c0                cust_GPIO_RX_UART5
 .bss.cust_GPIO_TX_UART5
                0x00000000200007e0       0x20 ./Core/Src/alt_main.o
                0x00000000200007e0                cust_GPIO_TX_UART5
 *(COMMON)
                0x0000000020000800                . = ALIGN (0x4)
                0x0000000020000800                _ebss = .
                0x0000000020000800                __bss_end__ = _ebss

._user_heap_stack
                0x0000000020000800      0x600
                0x0000000020000800                . = ALIGN (0x8)
                [!provide]                        PROVIDE (end = .)
                0x0000000020000800                PROVIDE (_end = .)
                0x0000000020000a00                . = (. + _Min_Heap_Size)
 *fill*         0x0000000020000800      0x200 
                0x0000000020000e00                . = (. + _Min_Stack_Size)
 *fill*         0x0000000020000a00      0x400 
                0x0000000020000e00                . = ALIGN (0x8)

/DISCARD/
 libc.a(*)
 libm.a(*)
 libgcc.a(*)

.ARM.attributes
                0x0000000000000000       0x30
 *(.ARM.attributes)
 .ARM.attributes
                0x0000000000000000       0x1e c:/st/stm32cubeide_1.6.1/stm32cubeide/plugins/com.st.stm32cube.ide.mcu.externaltools.gnu-tools-for-stm32.10.3-2021.10.win32_1.0.0.202111181127/tools/bin/../lib/gcc/arm-none-eabi/10.3.1/thumb/v7e-m+fp/hard/crti.o
 .ARM.attributes
                0x000000000000001e       0x34 c:/st/stm32cubeide_1.6.1/stm32cubeide/plugins/com.st.stm32cube.ide.mcu.externaltools.gnu-tools-for-stm32.10.3-2021.10.win32_1.0.0.202111181127/tools/bin/../lib/gcc/arm-none-eabi/10.3.1/thumb/v7e-m+fp/hard/crtbegin.o
 .ARM.attributes
                0x0000000000000052       0x34 ./Core/Src/alt_Src/alt_GPIO.o
 .ARM.attributes
                0x0000000000000086       0x34 ./Core/Src/alt_Src/alt_UART.o
 .ARM.attributes
                0x00000000000000ba       0x34 ./Core/Src/alt_main.o
 .ARM.attributes
                0x00000000000000ee       0x34 ./Core/Src/main.o
 .ARM.attributes
                0x0000000000000122       0x34 ./Core/Src/stm32f4xx_it.o
 .ARM.attributes
                0x0000000000000156       0x34 ./Core/Src/system_stm32f4xx.o
 .ARM.attributes
                0x000000000000018a       0x21 ./Core/Startup/startup_stm32f407vgtx.o
 .ARM.attributes
                0x00000000000001ab       0x34 ./Drivers/STM32F4xx_HAL_Driver/Src/stm32f4xx_ll_gpio.o
 .ARM.attributes
                0x00000000000001df       0x34 ./Drivers/STM32F4xx_HAL_Driver/Src/stm32f4xx_ll_rcc.o
 .ARM.attributes
                0x0000000000000213       0x34 ./Drivers/STM32F4xx_HAL_Driver/Src/stm32f4xx_ll_usart.o
 .ARM.attributes
                0x0000000000000247       0x34 ./Drivers/STM32F4xx_HAL_Driver/Src/stm32f4xx_ll_utils.o
 .ARM.attributes
                0x000000000000027b       0x34 c:/st/stm32cubeide_1.6.1/stm32cubeide/plugins/com.st.stm32cube.ide.mcu.externaltools.gnu-tools-for-stm32.10.3-2021.10.win32_1.0.0.202111181127/tools/bin/../lib/gcc/arm-none-eabi/10.3.1/../../../../arm-none-eabi/lib/thumb/v7e-m+fp/hard\libc_nano.a(lib_a-init.o)
 .ARM.attributes
                0x00000000000002af       0x1e c:/st/stm32cubeide_1.6.1/stm32cubeide/plugins/com.st.stm32cube.ide.mcu.externaltools.gnu-tools-for-stm32.10.3-2021.10.win32_1.0.0.202111181127/tools/bin/../lib/gcc/arm-none-eabi/10.3.1/thumb/v7e-m+fp/hard\libgcc.a(_aeabi_uldivmod.o)
 .ARM.attributes
                0x00000000000002cd       0x34 c:/st/stm32cubeide_1.6.1/stm32cubeide/plugins/com.st.stm32cube.ide.mcu.externaltools.gnu-tools-for-stm32.10.3-2021.10.win32_1.0.0.202111181127/tools/bin/../lib/gcc/arm-none-eabi/10.3.1/thumb/v7e-m+fp/hard\libgcc.a(_udivmoddi4.o)
 .ARM.attributes
                0x0000000000000301       0x1e c:/st/stm32cubeide_1.6.1/stm32cubeide/plugins/com.st.stm32cube.ide.mcu.externaltools.gnu-tools-for-stm32.10.3-2021.10.win32_1.0.0.202111181127/tools/bin/../lib/gcc/arm-none-eabi/10.3.1/thumb/v7e-m+fp/hard\libgcc.a(_dvmd_tls.o)
 .ARM.attributes
                0x000000000000031f       0x1e c:/st/stm32cubeide_1.6.1/stm32cubeide/plugins/com.st.stm32cube.ide.mcu.externaltools.gnu-tools-for-stm32.10.3-2021.10.win32_1.0.0.202111181127/tools/bin/../lib/gcc/arm-none-eabi/10.3.1/thumb/v7e-m+fp/hard/crtn.o
OUTPUT(Test_F407VGT6.elf elf32-littlearm)
LOAD linker stubs
LOAD c:/st/stm32cubeide_1.6.1/stm32cubeide/plugins/com.st.stm32cube.ide.mcu.externaltools.gnu-tools-for-stm32.10.3-2021.10.win32_1.0.0.202111181127/tools/bin/../lib/gcc/arm-none-eabi/10.3.1/../../../../arm-none-eabi/lib/thumb/v7e-m+fp/hard\libc.a
LOAD c:/st/stm32cubeide_1.6.1/stm32cubeide/plugins/com.st.stm32cube.ide.mcu.externaltools.gnu-tools-for-stm32.10.3-2021.10.win32_1.0.0.202111181127/tools/bin/../lib/gcc/arm-none-eabi/10.3.1/../../../../arm-none-eabi/lib/thumb/v7e-m+fp/hard\libm.a
LOAD c:/st/stm32cubeide_1.6.1/stm32cubeide/plugins/com.st.stm32cube.ide.mcu.externaltools.gnu-tools-for-stm32.10.3-2021.10.win32_1.0.0.202111181127/tools/bin/../lib/gcc/arm-none-eabi/10.3.1/thumb/v7e-m+fp/hard\libgcc.a

.debug_info     0x0000000000000000     0x66f1
 .debug_info    0x0000000000000000      0x7cd ./Core/Src/alt_Src/alt_GPIO.o
 .debug_info    0x00000000000007cd     0x1494 ./Core/Src/alt_Src/alt_UART.o
 .debug_info    0x0000000000001c61     0x165e ./Core/Src/alt_main.o
 .debug_info    0x00000000000032bf      0xc00 ./Core/Src/main.o
 .debug_info    0x0000000000003ebf      0x24b ./Core/Src/stm32f4xx_it.o
 .debug_info    0x000000000000410a      0x51c ./Core/Src/system_stm32f4xx.o
 .debug_info    0x0000000000004626       0x22 ./Core/Startup/startup_stm32f407vgtx.o
 .debug_info    0x0000000000004648      0x841 ./Drivers/STM32F4xx_HAL_Driver/Src/stm32f4xx_ll_gpio.o
 .debug_info    0x0000000000004e89      0x7db ./Drivers/STM32F4xx_HAL_Driver/Src/stm32f4xx_ll_rcc.o
 .debug_info    0x0000000000005664      0x74a ./Drivers/STM32F4xx_HAL_Driver/Src/stm32f4xx_ll_usart.o
 .debug_info    0x0000000000005dae      0x943 ./Drivers/STM32F4xx_HAL_Driver/Src/stm32f4xx_ll_utils.o

.debug_abbrev   0x0000000000000000     0x1525
 .debug_abbrev  0x0000000000000000      0x1fb ./Core/Src/alt_Src/alt_GPIO.o
 .debug_abbrev  0x00000000000001fb      0x397 ./Core/Src/alt_Src/alt_UART.o
 .debug_abbrev  0x0000000000000592      0x337 ./Core/Src/alt_main.o
 .debug_abbrev  0x00000000000008c9      0x240 ./Core/Src/main.o
 .debug_abbrev  0x0000000000000b09      0x106 ./Core/Src/stm32f4xx_it.o
 .debug_abbrev  0x0000000000000c0f      0x116 ./Core/Src/system_stm32f4xx.o
 .debug_abbrev  0x0000000000000d25       0x12 ./Core/Startup/startup_stm32f407vgtx.o
 .debug_abbrev  0x0000000000000d37      0x20e ./Drivers/STM32F4xx_HAL_Driver/Src/stm32f4xx_ll_gpio.o
 .debug_abbrev  0x0000000000000f45      0x1e7 ./Drivers/STM32F4xx_HAL_Driver/Src/stm32f4xx_ll_rcc.o
 .debug_abbrev  0x000000000000112c      0x1e0 ./Drivers/STM32F4xx_HAL_Driver/Src/stm32f4xx_ll_usart.o
 .debug_abbrev  0x000000000000130c      0x219 ./Drivers/STM32F4xx_HAL_Driver/Src/stm32f4xx_ll_utils.o

.debug_aranges  0x0000000000000000      0x6f0
 .debug_aranges
                0x0000000000000000       0x38 ./Core/Src/alt_Src/alt_GPIO.o
 .debug_aranges
                0x0000000000000038       0xb8 ./Core/Src/alt_Src/alt_UART.o
 .debug_aranges
                0x00000000000000f0      0x170 ./Core/Src/alt_main.o
 .debug_aranges
                0x0000000000000260       0xb8 ./Core/Src/main.o
 .debug_aranges
                0x0000000000000318       0x80 ./Core/Src/stm32f4xx_it.o
 .debug_aranges
                0x0000000000000398       0x28 ./Core/Src/system_stm32f4xx.o
 .debug_aranges
                0x00000000000003c0       0x28 ./Core/Startup/startup_stm32f407vgtx.o
 .debug_aranges
                0x00000000000003e8       0x70 ./Drivers/STM32F4xx_HAL_Driver/Src/stm32f4xx_ll_gpio.o
 .debug_aranges
                0x0000000000000458      0x118 ./Drivers/STM32F4xx_HAL_Driver/Src/stm32f4xx_ll_rcc.o
 .debug_aranges
                0x0000000000000570       0x88 ./Drivers/STM32F4xx_HAL_Driver/Src/stm32f4xx_ll_usart.o
 .debug_aranges
                0x00000000000005f8       0xf8 ./Drivers/STM32F4xx_HAL_Driver/Src/stm32f4xx_ll_utils.o

.debug_ranges   0x0000000000000000      0x648
 .debug_ranges  0x0000000000000000       0x28 ./Core/Src/alt_Src/alt_GPIO.o
 .debug_ranges  0x0000000000000028       0xa8 ./Core/Src/alt_Src/alt_UART.o
 .debug_ranges  0x00000000000000d0      0x160 ./Core/Src/alt_main.o
 .debug_ranges  0x0000000000000230       0xa8 ./Core/Src/main.o
 .debug_ranges  0x00000000000002d8       0x70 ./Core/Src/stm32f4xx_it.o
 .debug_ranges  0x0000000000000348       0x18 ./Core/Src/system_stm32f4xx.o
 .debug_ranges  0x0000000000000360       0x20 ./Core/Startup/startup_stm32f407vgtx.o
 .debug_ranges  0x0000000000000380       0x60 ./Drivers/STM32F4xx_HAL_Driver/Src/stm32f4xx_ll_gpio.o
 .debug_ranges  0x00000000000003e0      0x108 ./Drivers/STM32F4xx_HAL_Driver/Src/stm32f4xx_ll_rcc.o
 .debug_ranges  0x00000000000004e8       0x78 ./Drivers/STM32F4xx_HAL_Driver/Src/stm32f4xx_ll_usart.o
 .debug_ranges  0x0000000000000560       0xe8 ./Drivers/STM32F4xx_HAL_Driver/Src/stm32f4xx_ll_utils.o

.debug_macro    0x0000000000000000    0x1af3c
 .debug_macro   0x0000000000000000       0xf4 ./Core/Src/alt_Src/alt_GPIO.o
 .debug_macro   0x00000000000000f4      0xb92 ./Core/Src/alt_Src/alt_GPIO.o
 .debug_macro   0x0000000000000c86       0x40 ./Core/Src/alt_Src/alt_GPIO.o
 .debug_macro   0x0000000000000cc6       0x1c ./Core/Src/alt_Src/alt_GPIO.o
 .debug_macro   0x0000000000000ce2       0x22 ./Core/Src/alt_Src/alt_GPIO.o
 .debug_macro   0x0000000000000d04       0x8e ./Core/Src/alt_Src/alt_GPIO.o
 .debug_macro   0x0000000000000d92       0x51 ./Core/Src/alt_Src/alt_GPIO.o
 .debug_macro   0x0000000000000de3      0x103 ./Core/Src/alt_Src/alt_GPIO.o
 .debug_macro   0x0000000000000ee6       0x6a ./Core/Src/alt_Src/alt_GPIO.o
 .debug_macro   0x0000000000000f50      0x1df ./Core/Src/alt_Src/alt_GPIO.o
 .debug_macro   0x000000000000112f       0x2e ./Core/Src/alt_Src/alt_GPIO.o
 .debug_macro   0x000000000000115d       0x2f ./Core/Src/alt_Src/alt_GPIO.o
 .debug_macro   0x000000000000118c       0x1c ./Core/Src/alt_Src/alt_GPIO.o
 .debug_macro   0x00000000000011a8       0x22 ./Core/Src/alt_Src/alt_GPIO.o
 .debug_macro   0x00000000000011ca       0xd9 ./Core/Src/alt_Src/alt_GPIO.o
 .debug_macro   0x00000000000012a3     0x102d ./Core/Src/alt_Src/alt_GPIO.o
 .debug_macro   0x00000000000022d0      0x11f ./Core/Src/alt_Src/alt_GPIO.o
 .debug_macro   0x00000000000023ef    0x15e82 ./Core/Src/alt_Src/alt_GPIO.o
 .debug_macro   0x0000000000018271       0x6d ./Core/Src/alt_Src/alt_GPIO.o
 .debug_macro   0x00000000000182de      0x1cf ./Core/Src/alt_Src/alt_GPIO.o
 .debug_macro   0x00000000000184ad      0x149 ./Core/Src/alt_Src/alt_GPIO.o
 .debug_macro   0x00000000000185f6      0x16c ./Core/Src/alt_Src/alt_UART.o
 .debug_macro   0x0000000000018762       0x58 ./Core/Src/alt_Src/alt_UART.o
 .debug_macro   0x00000000000187ba      0x77b ./Core/Src/alt_Src/alt_UART.o
 .debug_macro   0x0000000000018f35      0x1d5 ./Core/Src/alt_Src/alt_UART.o
 .debug_macro   0x000000000001910a      0x20a ./Core/Src/alt_Src/alt_UART.o
 .debug_macro   0x0000000000019314       0xe8 ./Core/Src/alt_Src/alt_UART.o
 .debug_macro   0x00000000000193fc      0x1a6 ./Core/Src/alt_Src/alt_UART.o
 .debug_macro   0x00000000000195a2       0x61 ./Core/Src/alt_Src/alt_UART.o
 .debug_macro   0x0000000000019603       0xaa ./Core/Src/alt_Src/alt_UART.o
 .debug_macro   0x00000000000196ad      0x1e6 ./Core/Src/alt_Src/alt_UART.o
 .debug_macro   0x0000000000019893      0x1bb ./Core/Src/alt_Src/alt_UART.o
 .debug_macro   0x0000000000019a4e       0x3a ./Core/Src/alt_Src/alt_UART.o
 .debug_macro   0x0000000000019a88      0x16c ./Core/Src/alt_main.o
 .debug_macro   0x0000000000019bf4      0x15f ./Core/Src/main.o
 .debug_macro   0x0000000000019d53      0x151 ./Core/Src/stm32f4xx_it.o
 .debug_macro   0x0000000000019ea4       0xce ./Core/Src/system_stm32f4xx.o
 .debug_macro   0x0000000000019f72      0x110 ./Drivers/STM32F4xx_HAL_Driver/Src/stm32f4xx_ll_gpio.o
 .debug_macro   0x000000000001a082      0x143 ./Drivers/STM32F4xx_HAL_Driver/Src/stm32f4xx_ll_gpio.o
 .debug_macro   0x000000000001a1c5       0xfb ./Drivers/STM32F4xx_HAL_Driver/Src/stm32f4xx_ll_rcc.o
 .debug_macro   0x000000000001a2c0      0x13d ./Drivers/STM32F4xx_HAL_Driver/Src/stm32f4xx_ll_usart.o
 .debug_macro   0x000000000001a3fd      0x1b5 ./Drivers/STM32F4xx_HAL_Driver/Src/stm32f4xx_ll_usart.o
 .debug_macro   0x000000000001a5b2      0x781 ./Drivers/STM32F4xx_HAL_Driver/Src/stm32f4xx_ll_usart.o
 .debug_macro   0x000000000001ad33      0x1ae ./Drivers/STM32F4xx_HAL_Driver/Src/stm32f4xx_ll_utils.o
 .debug_macro   0x000000000001aee1       0x5b ./Drivers/STM32F4xx_HAL_Driver/Src/stm32f4xx_ll_utils.o

.debug_line     0x0000000000000000     0x52ec
 .debug_line    0x0000000000000000      0x639 ./Core/Src/alt_Src/alt_GPIO.o
 .debug_line    0x0000000000000639      0xb69 ./Core/Src/alt_Src/alt_UART.o
 .debug_line    0x00000000000011a2      0xbd0 ./Core/Src/alt_main.o
 .debug_line    0x0000000000001d72      0x86c ./Core/Src/main.o
 .debug_line    0x00000000000025de      0x6a5 ./Core/Src/stm32f4xx_it.o
 .debug_line    0x0000000000002c83      0x4e3 ./Core/Src/system_stm32f4xx.o
 .debug_line    0x0000000000003166       0x88 ./Core/Startup/startup_stm32f407vgtx.o
 .debug_line    0x00000000000031ee      0x756 ./Drivers/STM32F4xx_HAL_Driver/Src/stm32f4xx_ll_gpio.o
 .debug_line    0x0000000000003944      0x91e ./Drivers/STM32F4xx_HAL_Driver/Src/stm32f4xx_ll_rcc.o
 .debug_line    0x0000000000004262      0x6e4 ./Drivers/STM32F4xx_HAL_Driver/Src/stm32f4xx_ll_usart.o
 .debug_line    0x0000000000004946      0x9a6 ./Drivers/STM32F4xx_HAL_Driver/Src/stm32f4xx_ll_utils.o

.debug_str      0x0000000000000000    0x9684a
 .debug_str     0x0000000000000000    0x89c39 ./Core/Src/alt_Src/alt_GPIO.o
                                      0x89e30 (size before relaxing)
 .debug_str     0x0000000000089c39     0x9a12 ./Core/Src/alt_Src/alt_UART.o
                                      0x936af (size before relaxing)
 .debug_str     0x000000000009364b      0x276 ./Core/Src/alt_main.o
                                      0x9387b (size before relaxing)
 .debug_str     0x00000000000938c1      0x383 ./Core/Src/main.o
                                      0x92a0d (size before relaxing)
 .debug_str     0x0000000000093c44      0x104 ./Core/Src/stm32f4xx_it.o
                                      0x921a5 (size before relaxing)
 .debug_str     0x0000000000093d48       0x77 ./Core/Src/system_stm32f4xx.o
                                      0x8824a (size before relaxing)
 .debug_str     0x0000000000093dbf       0x36 ./Core/Startup/startup_stm32f407vgtx.o
                                         0x63 (size before relaxing)
 .debug_str     0x0000000000093df5      0x67c ./Drivers/STM32F4xx_HAL_Driver/Src/stm32f4xx_ll_gpio.o
                                      0x89c6a (size before relaxing)
 .debug_str     0x0000000000094471      0x502 ./Drivers/STM32F4xx_HAL_Driver/Src/stm32f4xx_ll_rcc.o
                                      0x8c75c (size before relaxing)
 .debug_str     0x0000000000094973      0x83f ./Drivers/STM32F4xx_HAL_Driver/Src/stm32f4xx_ll_usart.o
                                      0x8e59e (size before relaxing)
 .debug_str     0x00000000000951b2     0x1698 ./Drivers/STM32F4xx_HAL_Driver/Src/stm32f4xx_ll_utils.o
                                      0x8eef2 (size before relaxing)

.comment        0x0000000000000000       0x50
 .comment       0x0000000000000000       0x50 ./Core/Src/alt_Src/alt_GPIO.o
                                         0x51 (size before relaxing)
 .comment       0x0000000000000050       0x51 ./Core/Src/alt_Src/alt_UART.o
 .comment       0x0000000000000050       0x51 ./Core/Src/alt_main.o
 .comment       0x0000000000000050       0x51 ./Core/Src/main.o
 .comment       0x0000000000000050       0x51 ./Core/Src/stm32f4xx_it.o
 .comment       0x0000000000000050       0x51 ./Core/Src/system_stm32f4xx.o
 .comment       0x0000000000000050       0x51 ./Drivers/STM32F4xx_HAL_Driver/Src/stm32f4xx_ll_gpio.o
 .comment       0x0000000000000050       0x51 ./Drivers/STM32F4xx_HAL_Driver/Src/stm32f4xx_ll_rcc.o
 .comment       0x0000000000000050       0x51 ./Drivers/STM32F4xx_HAL_Driver/Src/stm32f4xx_ll_usart.o
 .comment       0x0000000000000050       0x51 ./Drivers/STM32F4xx_HAL_Driver/Src/stm32f4xx_ll_utils.o

.debug_frame    0x0000000000000000     0x1ba8
 .debug_frame   0x0000000000000000       0xa4 ./Core/Src/alt_Src/alt_GPIO.o
 .debug_frame   0x00000000000000a4      0x310 ./Core/Src/alt_Src/alt_UART.o
 .debug_frame   0x00000000000003b4      0x660 ./Core/Src/alt_main.o
 .debug_frame   0x0000000000000a14      0x2e0 ./Core/Src/main.o
 .debug_frame   0x0000000000000cf4      0x178 ./Core/Src/stm32f4xx_it.o
 .debug_frame   0x0000000000000e6c       0x58 ./Core/Src/system_stm32f4xx.o
 .debug_frame   0x0000000000000ec4      0x1c0 ./Drivers/STM32F4xx_HAL_Driver/Src/stm32f4xx_ll_gpio.o
 .debug_frame   0x0000000000001084      0x460 ./Drivers/STM32F4xx_HAL_Driver/Src/stm32f4xx_ll_rcc.o
 .debug_frame   0x00000000000014e4      0x240 ./Drivers/STM32F4xx_HAL_Driver/Src/stm32f4xx_ll_usart.o
 .debug_frame   0x0000000000001724      0x3f8 ./Drivers/STM32F4xx_HAL_Driver/Src/stm32f4xx_ll_utils.o
 .debug_frame   0x0000000000001b1c       0x2c c:/st/stm32cubeide_1.6.1/stm32cubeide/plugins/com.st.stm32cube.ide.mcu.externaltools.gnu-tools-for-stm32.10.3-2021.10.win32_1.0.0.202111181127/tools/bin/../lib/gcc/arm-none-eabi/10.3.1/../../../../arm-none-eabi/lib/thumb/v7e-m+fp/hard\libc_nano.a(lib_a-init.o)
 .debug_frame   0x0000000000001b48       0x2c c:/st/stm32cubeide_1.6.1/stm32cubeide/plugins/com.st.stm32cube.ide.mcu.externaltools.gnu-tools-for-stm32.10.3-2021.10.win32_1.0.0.202111181127/tools/bin/../lib/gcc/arm-none-eabi/10.3.1/thumb/v7e-m+fp/hard\libgcc.a(_aeabi_uldivmod.o)
 .debug_frame   0x0000000000001b74       0x34 c:/st/stm32cubeide_1.6.1/stm32cubeide/plugins/com.st.stm32cube.ide.mcu.externaltools.gnu-tools-for-stm32.10.3-2021.10.win32_1.0.0.202111181127/tools/bin/../lib/gcc/arm-none-eabi/10.3.1/thumb/v7e-m+fp/hard\libgcc.a(_udivmoddi4.o)
