../Drivers/STM32F4xx_HAL_Driver/Inc/stm32f4xx_ll_bus.h:409:22:void LL_AHB1_GRP1_EnableClock(uint32_t)	24	static
../Drivers/STM32F4xx_HAL_Driver/Inc/stm32f4xx_ll_gpio.h:800:26:uint32_t LL_GPIO_IsInputPinSet(GPIO_TypeDef*, uint32_t)	16	static
../Drivers/STM32F4xx_HAL_Driver/Inc/stm32f4xx_ll_gpio.h:881:22:void LL_GPIO_SetOutputPin(GPIO_TypeDef*, uint32_t)	16	static
../Drivers/STM32F4xx_HAL_Driver/Inc/stm32f4xx_ll_gpio.h:910:22:void LL_GPIO_ResetOutputPin(GPIO_TypeDef*, uint32_t)	16	static
../Core/Inc/alt_Inc/alt_UART.h:49:2:UART_t::UART_t()	16	static
../Core/Inc/alt_Inc/alt_UART.h:50:2:UART_t::~UART_t()	16	static
../Core/Inc/alt_Inc/alt_UART.h:52:7:void UART_t::SetUART(USART_TypeDef*)	16	static
../Core/Inc/alt_Inc/alt_UART.h:53:7:void UART_t::SetBaudRate(uint32_t)	16	static
../Core/Inc/alt_Inc/alt_UART.h:54:7:void UART_t::SetDataWidth(uint32_t)	16	static
../Core/Inc/alt_Inc/alt_UART.h:55:7:void UART_t::SetStopBits(uint32_t)	16	static
../Core/Inc/alt_Inc/alt_UART.h:56:7:void UART_t::SetParity(uint32_t)	16	static
../Core/Inc/alt_Inc/alt_UART.h:57:7:void UART_t::SetTransferDirection(uint32_t)	16	static
../Core/Inc/alt_Inc/alt_UART.h:58:7:void UART_t::SetHardwareFlowControl(uint32_t)	16	static
../Core/Inc/alt_Inc/alt_UART.h:59:7:void UART_t::SetOverSampling(uint32_t)	16	static
../Core/Inc/alt_Inc/alt_UART.h:60:7:void UART_t::SetIRQ(IRQn_Type)	16	static
../Core/Inc/alt_Inc/alt_UART.h:62:7:void UART_t::SetCallBackFunc(void (*)())	16	static
../Core/Inc/alt_Inc/alt_UART.h:75:7:void UART_t::CreateSendPacket(uint8_t, uint8_t)	16	static
../Core/Inc/alt_Inc/alt_UART.h:85:14:Status_rx_t UART_t::StatusRx()	16	static
../Core/Inc/alt_Inc/alt_UART.h:89:7:void UART_t::ClearRx()	24	static
../Core/Inc/alt_Inc/alt_UART.h:97:7:void UART_t::ClearRxReserve()	24	static
../Core/Inc/alt_Inc/alt_UART.h:105:11:uint8_t* UART_t::AdrRx()	16	static
../Core/Inc/alt_Inc/alt_GPIO.h:38:2:GPIO_t::GPIO_t()	16	static
../Core/Inc/alt_Inc/alt_GPIO.h:39:2:GPIO_t::~GPIO_t()	16	static
../Core/Inc/alt_Inc/alt_GPIO.h:41:7:void GPIO_t::SetGPIO(GPIO_TypeDef*)	16	static
../Core/Inc/alt_Inc/alt_GPIO.h:42:7:void GPIO_t::SetPin(uint32_t)	16	static
../Core/Inc/alt_Inc/alt_GPIO.h:43:7:void GPIO_t::SetMode(uint32_t)	16	static
../Core/Inc/alt_Inc/alt_GPIO.h:44:7:void GPIO_t::SetSpeed(uint32_t)	16	static
../Core/Inc/alt_Inc/alt_GPIO.h:45:7:void GPIO_t::SetOutputType(uint32_t)	16	static
../Core/Inc/alt_Inc/alt_GPIO.h:46:7:void GPIO_t::SetPull(uint32_t)	16	static
../Core/Inc/alt_Inc/alt_GPIO.h:47:7:void GPIO_t::SetAlternate(uint32_t)	16	static
../Core/Inc/alt_Inc/alt_GPIO.h:54:7:bool GPIO_t::Read()	16	static
../Core/Inc/alt_Inc/alt_GPIO.h:56:7:void GPIO_t::EnableClock(uint32_t)	16	static
../Core/Src/alt_main.cpp:31:5:int alt_main()	16	static
../Core/Src/alt_main.cpp:79:6:void alt_UART_IRQ(USART_TypeDef*)	16	static
../Core/Src/alt_main.cpp:102:6:void Ini_GPIO()	24	static
../Core/Src/alt_main.cpp:146:6:void Ini_UART()	32	static
../Core/Src/alt_main.cpp:174:6:void USART1_callback()	8	static
../Core/Src/alt_main.cpp:183:6:void USART2_callback()	8	static
../Core/Src/alt_main.cpp:192:6:void USART3_callback()	8	static
../Core/Src/alt_main.cpp:201:6:void UART5_callback()	8	static
../Core/Src/alt_main.cpp:208:1:void __static_initialization_and_destruction_0(int, int)	16	static
../Core/Src/alt_main.cpp:208:1:cpp)	8	static
../Core/Src/alt_main.cpp:208:1:cpp)	8	static
